# VarName		Type	Default		CondorName			Req.	Export 	UserName
#                       S=Quote - = No Default	+ = VarName				Condor	- = Do not export
#												+ = Use VarName
#												@ = Use CondorName
#################################################################################################################
X509_USER_PROXY		C	-		GSI_DAEMON_PROXY		Y	N	-
X509_CERT_DIR		C	-		GSI_DAEMON_TRUSTED_CA_DIR	Y	N	-
X509_GRIDMAP		C	-		GRIDMAP				Y	N	-
X509_GRIDMAP_DNS	S	-		GLIDEIN_X509_GRIDMAP_DNS	N	Y	-
GLIDEIN_Factory		S	-		+				Y	Y	@
GLIDEIN_Name		S	-		+				Y	Y	@
GLIDEIN_Client		S	-		+				N	Y	@
GLIDEIN_Collector	C	-		HEAD_NODE			Y	N	-
GLIDEIN_Start		C	1		+				N	N	-
GLIDEIN_Rank		C	1		RANK				N	N	-
GLIDEIN_Max_Idle 	I 	1200 		+				N	Y	-
GLIDEIN_Retire_Time 	I 	7200		+				N	Y	-
GLIDEIN_Job_Max_Time	I	360000		+				N	Y	-
GLIDEIN_Update_Interval I 	- 		UPDATE_INTERVAL			N	N	-
GLIDEIN_Use_TCP		I 	-		UPDATE_COLLECTOR_WITH_TCP	N	N	-
GLIDEIN_Use_PGroups	C	False		USE_PROCESS_GROUPS		N	N	-
GLIDEIN_Expose_Grid_Env	C	False		JOB_INHERITS_STARTER_ENVIRONMENT	N	N	+
TMP_DIR			S	-		GLIDEIN_Tmp_Dir			Y	Y	@
CONDORG_CLUSTER		I	-		GLIDEIN_ClusterId		Y	Y	@
CONDORG_SUBCLUSTER	I	-		GLIDEIN_ProcId			Y	Y	@
CONDORG_SCHEDD		S	-		GLIDEIN_Schedd			Y	Y	@
PROXY_URL		S	-		GLIDEIN_Proxy_URL		N	Y	@
DESCRIPTION_FILE	S	-		GLIDEIN_Description_File	N	Y	-
DESCRIPTION_ENTRY_FILE	S	-		GLIDEIN_Description_Entry_File	N	Y	-
SEC_DEFAULT_ENCRYPTION	C	OPTIONAL	+				N	N	-
SEC_DEFAULT_INTEGRITY	C	REQUIRED	+				N	N	-
DELEGATE_JOB_GSI_CREDENTIALS	C	False	+				N	N	-
UPDATE_COLLECTOR_WITH_TCP	C	False	+				N	N	-

